30
15

"asdf"

"acid"

"As"



"As"

S

S

"As"

"triple"

"As"

S

"asdf"


"asdf"

"acid"

"As"



"As"

S

S

"As"

"triple"

"As"

S

"asdf"


"asdf"

"acid"

"As"



"As"

S

S

"As"

"triple"

"As"

S

"asdf"


"asdf"

"acid"

"As"



"As"

S

S

"As"

"triple"

"As"

S

"asdf"


"asdf"

"acid"

"As"



"As"

S

S

"As"

"triple"

"As"

S

"asdf"


"asdf"

"acid"

"As"



"As"

S

S

"As"

"triple"

"As"

S

"asdf"


"asdf"

"acid"

"As"



"As"

S

S

"As"

"triple"

"As"

S

"asdf"


"asdf"

"acid"

"As"



"As"

S

S

"As"

"triple"

"As"

S

"asdf"


"asdf"

"acid"

"As"



"As"

S

S

"As"

"triple"

"As"

S

"asdf"


"asdf"

"acid"

"As"



"As"

S

S

"As"

"triple"

"As"

S

"asdf"


"asdf"

"acid"

"As"



"As"

S

S

"As"

"triple"

"As"

S

"asdf"


"asdf"

"acid"

"As"



"As"

S

S

"As"

"triple"

"As"

S

"asdf"


"asdf"

"acid"

"As"



"As"

S

S

"As"

"triple"

"As"

S

"asdf"


"asdf"

"acid"

"As"



"As"

S

S

"As"

"triple"

"As"

S

"asdf"


"asdf"

"acid"

"As"



"As"

S

S

"As"

"triple"

"As"

S

"asdf"


"asdf"

"acid"

"As"



"As"

S

S

"As"

"triple"

"As"

S

"asdf"


"asdf"

"acid"

"As"



"As"

S

S

"As"

"triple"

"As"

S

"asdf"


"asdf"

"acid"

"As"



"As"

S

S

"As"

"triple"

"As"

S

"asdf"

