30
15




"As"

"double"

"acid"


"acid"
"acid"

"As"






"As"

"double"

"acid"


"acid"
"acid"

"As"







"triple"
"triple"
"acid"
"acid"









"a"
"a"

S





"As"

"double"

"acid"


"acid"
"acid"

"As"







"triple"
"triple"
"acid"
"acid"









"a"
"a"

S




K



I

"As"

K



I

"As"



"triple"
"triple"
"acid"
"acid"









"a"
"a"

S




K



I



"As"

"double"

"acid"


"acid"
"acid"

"As"









"As"

"double"

"acid"


"acid"
"acid"

"As"







"triple"
"triple"
"acid"
"acid"









"a"
"a"

S




K



I

"As"
"triple"
"triple"
"acid"
"acid"









"a"
"a"

S




K



I

"As"
"As"

"As"



"As"

"double"

"acid"


"acid"
"acid"

"As"







"triple"
"triple"
"acid"
"acid"









"a"
"a"

S




K



I

"As"
"double"

"acid"


"acid"
"acid"

"As"







"triple"
"triple"
"acid"
"acid"









"a"
"a"

S




K



I

"As"


"As"

"double"

"acid"


"acid"
"acid"

"As"






"As"

"double"

"acid"


"acid"
"acid"

"As"







"triple"
"triple"
"acid"
"acid"









"a"
"a"

S





"As"

"double"

"acid"


"acid"
"acid"

"As"







"triple"
"triple"
"acid"
"acid"









"a"
"a"

S




K



I

"As"

K



I

"As"



"triple"
"triple"
"acid"
"acid"









"a"
"a"

S




K



I



"As"

"double"

"acid"


"acid"
"acid"

"As"









"As"

"double"

"acid"


"acid"
"acid"

"As"







"triple"
"triple"
"acid"
"acid"









"a"
"a"

S




K



I

"As"
"triple"
"triple"
"acid"
"acid"









"a"
"a"

S




K



I

"As"
"As"

"As"



"As"

"double"

"acid"


"acid"
"acid"

"As"







"triple"
"triple"
"acid"
"acid"









"a"
"a"

S




K



I

"As"
"double"

"acid"


"acid"
"acid"

"As"







"triple"
"triple"
"acid"
"acid"









"a"
"a"

S




K



I

"As"
