30
15











"As"
"As"
"As"
"As"
"As"
"As"
"As"
"As"
"As"
"As"
"As"




















"As"
"As"
"asdfasdf"
"double"
"triple"
"triple"
"triple"
"triple"
"As"
"As"
"acid"
"acid"
"As"















"As"
"As"
"asdfasdf"
"double"
"triple"
"triple"
"triple"
"triple"
"As"
"As"
"acid"
"acid"
"As"












"As"
"As"
"As"
"As"
"As"











"As"
"As"
"As"
"As"
"As"
"As"
"As"
"As"
"As"
"As"
"As"




















"As"
"As"
"asdfasdf"
"double"
"triple"
"triple"
"triple"
"triple"
"As"
"As"
"acid"
"acid"
"As"















"As"
"As"
"asdfasdf"
"double"
"triple"
"triple"
"triple"
"triple"
"As"
"As"
"acid"
"acid"
"As"












"As"
"As"
"As"
"As"
"As"
"As"
"As"
"As"
"As"
"As"
"As"



















"As"
"As"
"As"
"As"
"As"
"As"
"As"
"As"
"As"
"As"
"As"



















"As"
"As"
"As"
"As"
"As"
"As"
"As"
"As"
"As"
"As"
"As"




















"As"
"As"
"asdfasdf"
"double"
"triple"
"triple"
"triple"
"triple"
"As"
"As"
"acid"
"acid"
"As"















"As"
"As"
"asdfasdf"
"double"
"triple"
"triple"
"triple"
"triple"
"As"
"As"
"acid"
"acid"
"As"












"As"
"As"
"As"
"As"
"As"











"As"
"As"
"As"
"As"
"As"
"As"
"As"
"As"
"As"
"As"
"As"




















"As"
"As"
"asdfasdf"
"double"
"triple"
"triple"
"triple"
"triple"
"As"
"As"
"acid"
"acid"
"As"















"As"
"As"
"asdfasdf"
"double"
"triple"
"triple"
"triple"
"triple"
"As"
"As"
"acid"
"acid"
"As"












"As"
"As"
"As"
"As"
"As"



"As"
"As"
"As"
"As"
"As"
