30
15
"As"



























"a"




























"double"
"double"


















"double"









"double"
"double"




























"double"
"double"



"a"













("double", "double")




"double"





"double"
"double"

"a"
"a"
"a"













("double", "double")











"double"

"a"
"a"
"a"










("double", "double")













"double"
"double"









"a"




("double", "double")













"double"
"double"


"double"
"double"
"double"


("double", "double")



("double", "double")






"a"
"a"










"a"

"double"
"double"
"double"








"double"
"double"



"a"
"a"








"double"

"a"



"double"








"double"
"double"









"double"


"a"

"double"
"a"



"double"
"a"
"a"
"a"







"a"








"double"




"double"


"double"
"double"
"double"
"a"

"a"














"double"





"double"
"double"


"double"
"double"
"double"




"double"
"a"








("double", "double")


"double"





"double"
"double"


"double"






"double"


"double"









"double"







"a"

"double"
"double"
"double"
"a"










"a"




("double", "double")










"double"
"double"
"double"



















"double"



"double"
"double"

















"a"






"double"



"double"
"double"







"a"





"a"










"double"




"double"












"a"
"a"










"double"



"double"
"double"























("double", "double")




"double"
"double"


("double", "double")
("double", "double")
("double", "double")












("double", "double")



"a"






"double"
"double"


("double", "double")
("double", "double")
("double", "double")










("double", "double")










("double", "double")

"double"
"double"


("double", "double")
("double", "double")
("double", "double")























"double"
"double"













("double", "double")
("double", "double")













"double"
"double"














("double", "double")













"double"
"double"









("double", "double")


















"double"
"double"





"a"






















"double"
"double"




























"double"
"double"




"a"


























