30
15
"As"
(((S, I), I), ((S, (K, "code")), ((S, I), I))))) 

(I, (I, (I, (I, (I, (I, "acid"))))))




("acid", "non-acid")



("acid", "non-acid")
















("code", ("code", ("code", ("code", ("code", ("code", ("code", "code")))))))


(I, (I, (I, (I, (I, (I, "acid"))))))



















(I, (I, (I, (I, (I, (I, (I, (I, "acid"))))))))
(I, (I, (I, (I, (I, (I, (I, (I, "acid"))))))))
(I, (I, (I, (I, (I, (I, (I, (I, "acid"))))))))
(I, (I, (I, (I, (I, (I, (I, (I, "acid"))))))))
(I, (I, (I, (I, (I, (I, (I, (I, "acid"))))))))
(I, (I, (I, (I, (I, (I, (I, (I, "acid"))))))))
(I, (I, (I, (I, (I, (I, (I, (I, "acid"))))))))


(I, (I, (I, (I, (I, (I, "acid"))))))





"acid"











("code", ("code", ("code", ("code", ("code", ("code", ("code", "code")))))))


(I, (I, (I, (I, (I, (I, (I, (I, "acid"))))))))
(I, (I, (I, (I, (I, (I, (I, "acid")))))))
(I, (I, (I, (I, (I, (I, (I, "acid")))))))
(I, (I, (I, (I, (I, (I, (I, "acid")))))))
(I, (I, (I, (I, (I, (I, (I, "acid")))))))
(I, (I, (I, (I, (I, (I, (I, "acid")))))))
(I, (I, (I, (I, (I, (I, (I, (I, "acid"))))))))

(I, (I, (I, (I, (I, (I, "acid"))))))












((S, "item"), "item")

("acid", "non-acid")






(I, (I, (I, (I, (I, (I, (I, (I, "acid"))))))))
(I, (I, (I, (I, (I, (I, (I, "acid")))))))
(I, (I, (I, (I, (I, (I, "acid"))))))
(I, (I, (I, (I, (I, (I, "acid"))))))
(I, (I, (I, (I, (I, (I, "acid"))))))
(I, (I, (I, (I, (I, (I, (I, "acid")))))))
(I, (I, (I, (I, (I, (I, (I, (I, "acid"))))))))



"acid"


(I, (I, (I, (I, (I, (I, (I, (I, "acid"))))))))
(I, (I, (I, (I, (I, (I, (I, (I, "acid"))))))))
(I, (I, (I, (I, (I, (I, (I, (I, "acid"))))))))
(I, (I, (I, (I, (I, (I, (I, (I, "acid"))))))))
(I, (I, (I, (I, (I, (I, (I, (I, "acid"))))))))
(I, (I, (I, (I, (I, (I, (I, (I, "acid"))))))))
(I, (I, (I, (I, (I, (I, (I, (I, "acid"))))))))





("acid", ("acid", ("acid", ("code", ("code", ("double", ("double", ("double", ("double", ("double", "double"))))))))))




(I, (I, (I, (I, (I, (I, (I, (I, "acid"))))))))
(I, (I, (I, (I, (I, (I, (I, "acid")))))))
(I, (I, (I, (I, (I, (I, "acid"))))))
("code", ("code", ("double", ("double", ("double", ("double", ("double", "double")))))))
(I, (I, (I, (I, (I, (I, "acid"))))))
(I, (I, (I, (I, (I, (I, (I, "acid")))))))
(I, (I, (I, (I, (I, (I, (I, (I, "acid"))))))))






(I, (I, (I, (I, (I, (I, (I, (I, "acid"))))))))
(I, (I, (I, (I, (I, (I, (I, "acid")))))))
(I, (I, (I, (I, (I, (I, (I, "acid")))))))
(I, (I, (I, (I, (I, (I, (I, "acid")))))))
(I, (I, (I, (I, (I, (I, (I, "acid")))))))
(I, (I, (I, (I, (I, (I, (I, "acid")))))))
(I, (I, (I, (I, (I, (I, (I, (I, "acid"))))))))




((S, "item"), "item")





(I, (I, (I, (I, (I, (I, (I, (I, "acid"))))))))
(I, (I, (I, (I, (I, (I, (I, "acid")))))))
(I, (I, (I, (I, (I, (I, "acid"))))))
(I, (I, (I, (I, (I, (I, "acid"))))))
(I, (I, (I, (I, (I, (I, "acid"))))))
(I, (I, (I, (I, (I, (I, (I, "acid")))))))
(I, (I, (I, (I, (I, (I, (I, (I, "acid"))))))))






(I, (I, (I, (I, (I, (I, (I, (I, "acid"))))))))
(I, (I, (I, (I, (I, (I, (I, "acid")))))))
(I, (I, (I, (I, (I, (I, "acid"))))))
(I, (I, (I, (I, (I, (I, "acid"))))))
(I, (I, (I, (I, (I, (I, "acid"))))))
(I, (I, (I, (I, (I, (I, (I, "acid")))))))
(I, (I, (I, (I, (I, (I, (I, (I, "acid"))))))))


"let"




"acid"


(I, (I, (I, (I, (I, (I, (I, (I, "acid"))))))))
(I, (I, (I, (I, (I, (I, (I, "acid")))))))
(I, (I, (I, (I, (I, (I, (I, "acid")))))))
(I, (I, (I, (I, (I, (I, (I, "acid")))))))
(I, (I, (I, (I, (I, (I, (I, "acid")))))))
(I, (I, (I, (I, (I, (I, (I, "acid")))))))
(I, (I, (I, (I, (I, (I, (I, (I, "acid"))))))))



"let"


(I, (I, (I, (I, (I, (I, (I, (I, "acid"))))))))
(I, (I, (I, (I, (I, (I, (I, "acid")))))))
(I, (I, (I, (I, (I, (I, "acid"))))))
("code", ("code", ("double", ("double", ("double", ("double", ("double", "double")))))))
(I, (I, (I, (I, (I, (I, "acid"))))))
(I, (I, (I, (I, (I, (I, (I, "acid")))))))
(I, (I, (I, (I, (I, (I, (I, (I, "acid"))))))))










(I, (I, (I, (I, (I, (I, (I, (I, "acid"))))))))
(I, (I, (I, (I, (I, (I, (I, (I, "acid"))))))))
(I, (I, (I, (I, (I, (I, (I, (I, "acid"))))))))
(I, (I, (I, (I, (I, (I, (I, (I, "acid"))))))))
(I, (I, (I, (I, (I, (I, (I, (I, "acid"))))))))
(I, (I, (I, (I, (I, (I, (I, (I, "acid"))))))))
(I, (I, (I, (I, (I, (I, (I, (I, "acid"))))))))






(I, (I, (I, (I, (I, (I, (I, (I, "acid"))))))))
(I, (I, (I, (I, (I, (I, (I, "acid")))))))
(I, (I, (I, (I, (I, (I, "acid"))))))
(I, (I, (I, (I, (I, (I, "acid"))))))
(I, (I, (I, (I, (I, (I, "acid"))))))
(I, (I, (I, (I, (I, (I, (I, "acid")))))))
(I, (I, (I, (I, (I, (I, (I, (I, "acid"))))))))
(I, (I, (I, (I, (I, (I, (I, (I, (I, (I, (I, (I, (I, (I, (I, (I, (I, (I, (I, (I, (I, (I, (I, (I, (I, (I, (I, (I, (I, (I, (I, (I, (I, (I, (I, (I, (I, (I, (I, (I, "acid"))))))))))))))))))))))))))))))))))))))))








"let"
(I, (I, (I, (I, (I, (I, (I, (I, "acid"))))))))












(I, (I, (I, (I, (I, (I, (I, (I, "acid"))))))))
(I, (I, (I, (I, (I, (I, (I, "acid")))))))
(I, (I, (I, (I, (I, (I, (I, "acid")))))))
(I, (I, (I, (I, (I, (I, (I, "acid")))))))
(I, (I, (I, (I, (I, (I, (I, "acid")))))))
(I, (I, (I, (I, (I, (I, (I, "acid")))))))
(I, (I, (I, (I, (I, (I, (I, (I, "acid"))))))))

(I, (I, (I, (I, (I, (I, (I, (I, (I, (I, (I, (I, (I, (I, (I, (I, (I, (I, (I, (I, (I, (I, (I, (I, (I, (I, (I, (I, (I, (I, (I, (I, (I, (I, (I, (I, (I, (I, (I, (I, "acid"))))))))))))))))))))))))))))))))))))))))



"let"

("acid", "non-acid")

(I, (I, (I, (I, (I, (I, (I, (I, (I, (I, (I, (I, (I, (I, (I, (I, (I, (I, (I, (I, "acid"))))))))))))))))))))













(I, (I, (I, (I, (I, (I, (I, (I, "acid"))))))))
(I, (I, (I, (I, (I, (I, (I, (I, "acid"))))))))
(I, (I, (I, (I, (I, (I, (I, (I, "acid"))))))))
(I, (I, (I, (I, (I, (I, (I, (I, "acid"))))))))
(I, (I, (I, (I, (I, (I, (I, (I, "acid"))))))))
(I, (I, (I, (I, (I, (I, (I, (I, "acid"))))))))
(I, (I, (I, (I, (I, (I, (I, (I, "acid"))))))))


(I, (I, (I, (I, (I, (I, (I, (I, (I, (I, (I, (I, (I, (I, (I, (I, (I, (I, (I, (I, (I, (I, (I, (I, (I, (I, (I, (I, (I, (I, (I, (I, (I, (I, (I, (I, (I, (I, (I, (I, "acid"))))))))))))))))))))))))))))))))))))))))





(I, (I, (I, (I, (I, (I, (I, (I, (I, (I, (I, (I, (I, (I, (I, (I, (I, (I, (I, (I, "acid"))))))))))))))))))))













"acid"





(I, (I, (I, (I, (I, (I, (I, (I, (I, (I, (I, (I, (I, (I, (I, (I, (I, (I, (I, (I, (I, (I, (I, (I, (I, (I, (I, (I, (I, (I, (I, (I, (I, (I, (I, (I, (I, (I, (I, (I, "acid"))))))))))))))))))))))))))))))))))))))))


"let"

(I, (I, (I, (I, (I, (I, (I, (I, (I, (I, (I, (I, (I, (I, (I, (I, (I, (I, (I, (I, (I, (I, (I, (I, (I, (I, (I, (I, (I, (I, (I, (I, (I, (I, (I, (I, (I, (I, (I, (I, "acid"))))))))))))))))))))))))))))))))))))))))



(I, (I, (I, (I, (I, (I, (I, (I, (I, (I, (I, (I, (I, (I, (I, (I, (I, (I, (I, (I, (I, (I, (I, (I, (I, (I, (I, (I, (I, (I, (I, (I, (I, (I, (I, (I, (I, (I, (I, (I, "acid"))))))))))))))))))))))))))))))))))))))))







"cons"











(I, (I, (I, (I, (I, (I, (I, (I, (I, (I, (I, (I, (I, (I, (I, (I, (I, (I, (I, (I, (I, (I, (I, (I, (I, (I, (I, (I, (I, (I, (I, (I, (I, (I, (I, (I, (I, (I, (I, (I, "acid"))))))))))))))))))))))))))))))))))))))))








(I, (I, (I, (I, (I, (I, (I, (I, (I, (I, (I, (I, (I, (I, (I, (I, (I, (I, (I, (I, "acid"))))))))))))))))))))
((S, "item"), "item")



























(I, (I, (I, (I, (I, (I, (I, (I, (I, (I, (I, (I, (I, (I, (I, (I, (I, (I, (I, (I, "acid"))))))))))))))))))))




"cons"














"let"


(I, (I, (I, (I, (I, (I, (I, (I, "acid"))))))))
(I, (I, (I, (I, (I, (I, (I, (I, "acid"))))))))
(I, (I, (I, (I, (I, (I, (I, (I, "acid"))))))))
(I, (I, (I, (I, (I, (I, (I, (I, "acid"))))))))
(I, (I, (I, (I, (I, (I, (I, (I, "acid"))))))))
(I, (I, (I, (I, (I, (I, (I, (I, "acid"))))))))
(I, (I, (I, (I, (I, (I, (I, (I, "acid"))))))))
("acid", "non-acid")



"cons"




"let"




"acid"

"cons"

"acid"




(I, (I, (I, (I, (I, (I, (I, (I, "acid"))))))))
(I, (I, (I, (I, (I, (I, (I, "acid")))))))
(I, (I, (I, (I, (I, (I, (I, "acid")))))))
(I, (I, (I, (I, (I, (I, (I, "acid")))))))
(I, (I, (I, (I, (I, (I, (I, "acid")))))))
(I, (I, (I, (I, (I, (I, (I, "acid")))))))
(I, (I, (I, (I, (I, (I, (I, (I, "acid"))))))))























(I, (I, (I, (I, (I, (I, (I, (I, "acid"))))))))
(I, (I, (I, (I, (I, (I, (I, "acid")))))))
(I, (I, (I, (I, (I, (I, "acid"))))))
(I, (I, (I, (I, (I, (I, "acid"))))))
(I, (I, (I, (I, (I, (I, "acid"))))))
(I, (I, (I, (I, (I, (I, (I, "acid")))))))
(I, (I, (I, (I, (I, (I, (I, (I, "acid"))))))))


"let"














((S, "item"), "item")





(I, (I, (I, (I, (I, (I, (I, (I, "acid"))))))))
(I, (I, (I, (I, (I, (I, (I, "acid")))))))
(I, (I, (I, (I, (I, (I, "acid"))))))
("code", ("code", ("double", ("double", ("double", ("double", ("double", "double")))))))
(I, (I, (I, (I, (I, (I, "acid"))))))
(I, (I, (I, (I, (I, (I, (I, "acid")))))))
(I, (I, (I, (I, (I, (I, (I, (I, "acid"))))))))









("acid", "non-acid")













(I, (I, (I, (I, (I, (I, (I, (I, "acid"))))))))
(I, (I, (I, (I, (I, (I, (I, "acid")))))))
(I, (I, (I, (I, (I, (I, "acid"))))))
(I, (I, (I, (I, (I, (I, "acid"))))))
(I, (I, (I, (I, (I, (I, "acid"))))))
(I, (I, (I, (I, (I, (I, (I, "acid")))))))
(I, (I, (I, (I, (I, (I, (I, (I, "acid"))))))))















"acid"
("acid", "non-acid")


"let"



(I, (I, (I, (I, (I, (I, (I, (I, "acid"))))))))
(I, (I, (I, (I, (I, (I, (I, "acid")))))))
(I, (I, (I, (I, (I, (I, (I, "acid")))))))
(I, (I, (I, (I, (I, (I, (I, "acid")))))))
(I, (I, (I, (I, (I, (I, (I, "acid")))))))
(I, (I, (I, (I, (I, (I, (I, "acid")))))))
(I, (I, (I, (I, (I, (I, (I, (I, "acid"))))))))





















("acid", "non-acid")

(I, (I, (I, (I, (I, (I, (I, (I, "acid"))))))))
(I, (I, (I, (I, (I, (I, (I, (I, "acid"))))))))
(I, (I, (I, (I, (I, (I, (I, (I, "acid"))))))))
(I, (I, (I, (I, (I, (I, (I, (I, "acid"))))))))
(I, (I, (I, (I, (I, (I, (I, (I, "acid"))))))))
(I, (I, (I, (I, (I, (I, (I, (I, "acid"))))))))
(I, (I, (I, (I, (I, (I, (I, (I, "acid"))))))))






"cons"







((S, "item"), "item")

















("acid", "non-acid")






































"let"




































("code", ("code", ("code", ("code", ("code", ("code", ("code", "code")))))))


((S, "item"), "item")






"let"













"acid"



"let"
























"acid"
"acid"



























"acid"
"acid"
"acid"











"let"














"acid"
"acid"
"acid"
"acid"

























"acid"
"acid"
"acid"
"acid"
"acid"





("acid", "non-acid")








("acid", "non-acid")









"acid"
"acid"
"acid"
"acid"
"acid"
(((S, I), I), ((S, (K, "code")), ((S, I), I))))) 
